[    0.000000] Booting Linux on physical CPU 0x0
[    0.000000] Linux version 6.18.50 (root@ZHR) (arm-linux-gnueabihf-gcc (Ubuntu 13.3.0-6ubuntu2~24.04.1) 13.3.0, GNU ld (GNU Binutils for Ubuntu) 2.42) #1 SMP Wed Sep  9 06:12:13 PDT 2026
[    0.000000] CPU: ARMv7 Processor [410fc075] revision 5 (ARMv7), cr=10c5387d
[    0.000000] CPU: div instructions available: patching division code
[    0.000000] CPU: PIPT / VIPT nonaliasing data cache, VIPT aliasing instruction cache
[    0.000000] OF: fdt: Machine model: linux,dummy-virt
[    0.000000] random: crng init done
[    0.000000] earlycon: pl11 at MMIO 0x09000000 (options '')
[    0.000000] printk: legacy bootconsole [pl11] enabled
[    0.000000] Memory policy: Data cache writealloc
[    0.000000] efi: UEFI not found.
[    0.000000] cma: Reserved 64 MiB at 0x5c000000
[    0.000000] Zone ranges:
[    0.000000]   DMA      [mem 0x0000000040000000-0x000000005fffffff]
[    0.000000]   Normal   empty
[    0.000000]   HighMem  empty
[    0.000000] Movable zone start for each node
[    0.000000] Early memory node ranges
[    0.000000]   node   0: [mem 0x0000000040000000-0x000000005fffffff]
[    0.000000] Initmem setup node 0 [mem 0x0000000040000000-0x000000005fffffff]
[    0.000000] OF: reserved mem: Reserved memory: No reserved-memory node in the DT
[    0.000000] psci: probing for conduit method from DT.
[    0.000000] psci: PSCIv1.1 detected in firmware.
[    0.000000] psci: Using standard PSCI v0.2 function IDs
[    0.000000] psci: Trusted OS migration not required
[    0.000000] psci: SMC Calling Convention v1.0
[    0.000000] percpu: Embedded 17 pages/cpu s40588 r8192 d20852 u69632
[    0.000000] Kernel command line: console=ttyAMA0,115200 earlycon=pl011,0x09000000 rdinit=/init
[    0.000000] printk: log buffer data + meta data: 131072 + 409600 = 540672 bytes
[    0.000000] Dentry cache hash table entries: 65536 (order: 6, 262144 bytes, linear)
[    0.000000] Inode-cache hash table entries: 32768 (order: 5, 131072 bytes, linear)
[    0.000000] Built 1 zonelists, mobility grouping on.  Total pages: 131072
[    0.000000] mem auto-init: stack:all(zero), heap alloc:off, heap free:off
[    0.000000] SLUB: HWalign=64, Order=0-3, MinObjects=0, CPUs=1, Nodes=1
[    0.000000] rcu: Hierarchical RCU implementation.
[    0.000000] rcu: 	RCU event tracing is enabled.
[    0.000000] rcu: 	RCU restricting CPUs from NR_CPUS=16 to nr_cpu_ids=1.
[    0.000000] 	Tracing variant of Tasks RCU enabled.
[    0.000000] rcu: RCU calculated value of scheduler-enlistment delay is 10 jiffies.
[    0.000000] rcu: Adjusting geometry for rcu_fanout_leaf=16, nr_cpu_ids=1
[    0.000000] RCU Tasks Trace: Setting shift to 0 and lim to 1 rcu_task_cb_adjust=1 rcu_task_cpu_ids=1.
[    0.000000] NR_IRQS: 16, nr_irqs: 16, preallocated irqs: 16
[    0.000000] GICv2m: range[mem 0x08020000-0x08020fff], SPI[80:143]
[    0.000000] rcu: srcu_init: Setting srcu_struct sizes based on contention.
[    0.000000] clocksource: jiffies: mask: 0xffffffff max_cycles: 0xffffffff, max_idle_ns: 19112604462750000 ns
[    0.000000] arch_timer: cp15 timer running at 62.50MHz (virt).
[    0.000000] clocksource: arch_sys_counter: mask: 0x1ffffffffffffff max_cycles: 0x1cd42e208c, max_idle_ns: 881590405314 ns
[    0.000084] sched_clock: 57 bits at 63MHz, resolution 16ns, wraps every 4398046511096ns
[    0.000239] Switching to timer-based delay loop, resolution 16ns
[    0.004057] Console: colour dummy device 80x30
[    0.005131] Calibrating delay loop (skipped), value calculated using timer frequency.. 125.00 BogoMIPS (lpj=625000)
[    0.005299] CPU: Testing write buffer coherency: ok
[    0.006173] pid_max: default: 32768 minimum: 301
[    0.008091] Mount-cache hash table entries: 1024 (order: 0, 4096 bytes, linear)
[    0.008220] Mountpoint-cache hash table entries: 1024 (order: 0, 4096 bytes, linear)
[    0.024200] /cpus/cpu@0 missing clock-frequency property
[    0.024524] CPU0: thread -1, cpu 0, socket 0, mpidr 80000000
[    0.025145] cacheinfo: Unable to detect cache hierarchy for CPU 0
[    0.030894] Setting up static identity map for 0x40300000 - 0x403000ac
[    0.032498] rcu: Hierarchical SRCU implementation.
[    0.032601] rcu: 	Max phase no-delay instances is 1000.
[    0.034848] EFI services will not be available.
[    0.035629] smp: Bringing up secondary CPUs ...
[    0.036083] smp: Brought up 1 node, 1 CPU
[    0.036168] SMP: Total of 1 processors activated (125.00 BogoMIPS).
[    0.036263] CPU: All CPU(s) started in SVC mode.
[    0.039708] Memory: 421588K/524288K available (16384K kernel code, 2551K rwdata, 7080K rodata, 2048K init, 391K bss, 35576K reserved, 65536K cma-reserved, 0K highmem)
[    0.045109] devtmpfs: initialized
[    0.051011] VFP support v0.3: implementor 41 architecture 2 part 30 variant 7 rev 5
[    0.074857] posixtimers hash table entries: 512 (order: 0, 4096 bytes, linear)
[    0.075224] futex hash table entries: 256 (16384 bytes on 1 NUMA nodes, total 16 KiB, linear).
[    0.080202] pinctrl core: initialized pinctrl subsystem
[    0.090461] DMI not present or invalid.
[    0.095203] NET: Registered PF_NETLINK/PF_ROUTE protocol family
[    0.103893] DMA: preallocated 256 KiB pool for atomic coherent allocations
[    0.107864] thermal_sys: Registered thermal governor 'step_wise'
[    0.108114] cpuidle: using governor menu
[    0.108652] No ATAGs?
[    0.109056] hw-breakpoint: found 5 (+1 reserved) breakpoint and 4 watchpoint registers.
[    0.109177] hw-breakpoint: maximum watchpoint size is 8 bytes.
[    0.111891] Serial: AMBA PL011 UART driver
[    0.139049] 9000000.pl011: ttyAMA0 at MMIO 0x9000000 (irq = 28, base_baud = 0) is a PL011 rev1
[    0.140569] printk: console [ttyAMA0] enabled
[    0.140569] printk: console [ttyAMA0] enabled
[    0.141313] printk: legacy bootconsole [pl11] disabled
[    0.141313] printk: legacy bootconsole [pl11] disabled
[    0.164407] iommu: Default domain type: Translated
[    0.164888] iommu: DMA domain TLB invalidation policy: strict mode
[    0.179015] SCSI subsystem initialized
[    0.180754] usbcore: registered new interface driver usbfs
[    0.180962] usbcore: registered new interface driver hub
[    0.181093] usbcore: registered new device driver usb
[    0.182129] pps_core: LinuxPPS API ver. 1 registered
[    0.182172] pps_core: Software ver. 5.3.6 - Copyright 2005-2007 Rodolfo Giometti <giometti@linux.it>
[    0.182254] PTP clock support registered
[    0.182478] EDAC MC: Ver: 3.0.0
[    0.183830] scmi_core: SCMI protocol bus registered
[    0.209479] vgaarb: loaded
[    0.212499] clocksource: Switched to clocksource arch_sys_counter
[    0.240330] NET: Registered PF_INET protocol family
[    0.241154] IP idents hash table entries: 8192 (order: 4, 65536 bytes, linear)
[    0.244945] tcp_listen_portaddr_hash hash table entries: 512 (order: 0, 4096 bytes, linear)
[    0.245081] Table-perturb hash table entries: 65536 (order: 6, 262144 bytes, linear)
[    0.245159] TCP established hash table entries: 4096 (order: 2, 16384 bytes, linear)
[    0.245282] TCP bind hash table entries: 4096 (order: 4, 65536 bytes, linear)
[    0.245407] TCP: Hash tables configured (established 4096 bind 4096)
[    0.246586] UDP hash table entries: 256 (order: 2, 14336 bytes, linear)
[    0.246765] UDP-Lite hash table entries: 256 (order: 2, 14336 bytes, linear)
[    0.247602] NET: Registered PF_UNIX/PF_LOCAL protocol family
[    0.265809] RPC: Registered named UNIX socket transport module.
[    0.265948] RPC: Registered udp transport module.
[    0.265982] RPC: Registered tcp transport module.
[    0.266010] RPC: Registered tcp-with-tls transport module.
[    0.266034] RPC: Registered tcp NFSv4.1 backchannel transport module.
[    0.266107] PCI: CLS 0 bytes, default 64
[    0.267865] Initialise system trusted keyrings
[    0.271994] Trying to unpack rootfs image as initramfs...
[    0.282458] workingset: timestamp_bits=30 max_order=17 bucket_order=0
[    0.283807] squashfs: version 4.0 (2009/01/31) Phillip Lougher
[    0.293048] NFS: Registering the id_resolver key type
[    0.293321] Key type id_resolver registered
[    0.293365] Key type id_legacy registered
[    0.293583] nfs4filelayout_init: NFSv4 File Layout Driver Registering...
[    0.293652] nfs4flexfilelayout_init: NFSv4 Flexfile Layout Driver Registering...
[    0.296517] Freeing initrd memory: 240K
[    0.297977] Key type asymmetric registered
[    0.298071] Asymmetric key parser 'x509' registered
[    0.298290] Block layer SCSI generic (bsg) driver version 0.4 loaded (major 245)
[    0.298390] io scheduler mq-deadline registered
[    0.298457] io scheduler kyber registered
[    0.298572] io scheduler bfq registered
[    0.336309] pl061_gpio 9030000.pl061: PL061 GPIO chip registered
[    0.338265] ledtrig-cpu: registered to indicate activity on CPUs
[    0.340605] pci-host-generic 3f000000.pcie: host bridge /pcie@10000000 ranges:
[    0.341141] pci-host-generic 3f000000.pcie:       IO 0x003eff0000..0x003effffff -> 0x0000000000
[    0.341498] pci-host-generic 3f000000.pcie:      MEM 0x0010000000..0x003efeffff -> 0x0010000000
[    0.342477] pci-host-generic 3f000000.pcie: ECAM at [mem 0x3f000000-0x3fffffff] for [bus 00-0f]
[    0.344427] pci-host-generic 3f000000.pcie: PCI host bridge to bus 0000:00
[    0.344688] pci_bus 0000:00: root bus resource [bus 00-0f]
[    0.344774] pci_bus 0000:00: root bus resource [io  0x0000-0xffff]
[    0.344840] pci_bus 0000:00: root bus resource [mem 0x10000000-0x3efeffff]
[    0.345735] pci 0000:00:00.0: [1b36:0008] type 00 class 0x060000 conventional PCI endpoint
[    0.348334] pci 0000:00:01.0: [1af4:1000] type 00 class 0x020000 conventional PCI endpoint
[    0.348562] pci 0000:00:01.0: BAR 0 [io  0x0000-0x001f]
[    0.348623] pci 0000:00:01.0: BAR 1 [mem 0x00000000-0x00000fff]
[    0.348680] pci 0000:00:01.0: BAR 4 [mem 0x00000000-0x00003fff 64bit pref]
[    0.348753] pci 0000:00:01.0: ROM [mem 0x00000000-0x0007ffff pref]
[    0.349555] PCI: bus0: Fast back to back transfers disabled
[    0.350417] pci 0000:00:01.0: ROM [mem 0x10000000-0x1007ffff pref]: assigned
[    0.350579] pci 0000:00:01.0: BAR 4 [mem 0x10080000-0x10083fff 64bit pref]: assigned
[    0.350726] pci 0000:00:01.0: BAR 1 [mem 0x10084000-0x10084fff]: assigned
[    0.350780] pci 0000:00:01.0: BAR 0 [io  0x1000-0x101f]: assigned
[    0.351013] pci_bus 0000:00: resource 4 [io  0x0000-0xffff]
[    0.351060] pci_bus 0000:00: resource 5 [mem 0x10000000-0x3efeffff]
[    0.390772] virtio-pci 0000:00:01.0: enabling device (0100 -> 0103)
[    0.475726] Serial: 8250/16550 driver, 5 ports, IRQ sharing enabled
[    0.486853] msm_serial: driver initialized
[    0.487292] SuperH (H)SCI(F) driver initialized
[    0.487552] STMicroelectronics ASC driver initialized
[    0.487772] STM32 USART driver initialized
[    0.534580] brd: module loaded
[    0.545954] loop: module loaded
[    0.550520] physmap-flash 0.flash: physmap platform flash device: [mem 0x00000000-0x03ffffff]
[    0.551384] 0.flash: Found 2 x16 devices at 0x0 in 32-bit bank. Manufacturer ID 0x000000 Chip ID 0x000000
[    0.551792] Intel/Sharp Extended Query Table at 0x0031
[    0.552290] Using buffer write method
[    0.553744] physmap-flash 0.flash: physmap platform flash device: [mem 0x04000000-0x07ffffff]
[    0.554174] 0.flash: Found 2 x16 devices at 0x0 in 32-bit bank. Manufacturer ID 0x000000 Chip ID 0x000000
[    0.554228] Intel/Sharp Extended Query Table at 0x0031
[    0.554486] Using buffer write method
[    0.554585] Concatenating MTD devices:
[    0.554616] (0): "0.flash"
[    0.554644] (1): "0.flash"
[    0.554666] into device "0.flash"
[    0.599277] CAN device driver interface
[    0.600070] bgmac_bcma: Broadcom 47xx GBit MAC driver loaded
[    0.600690] e1000e: Intel(R) PRO/1000 Network Driver
[    0.600719] e1000e: Copyright(c) 1999 - 2015 Intel Corporation.
[    0.600839] igb: Intel(R) Gigabit Ethernet Network Driver
[    0.600881] igb: Copyright (c) 2007-2014 Intel Corporation.
[    0.604188] pegasus: Pegasus/Pegasus II USB Ethernet driver
[    0.604343] usbcore: registered new interface driver pegasus
[    0.604429] usbcore: registered new interface driver asix
[    0.604501] usbcore: registered new interface driver ax88179_178a
[    0.604578] usbcore: registered new interface driver cdc_ether
[    0.604659] usbcore: registered new interface driver smsc75xx
[    0.604726] usbcore: registered new interface driver smsc95xx
[    0.604795] usbcore: registered new interface driver net1080
[    0.604871] usbcore: registered new interface driver cdc_subset
[    0.605002] usbcore: registered new interface driver zaurus
[    0.605091] usbcore: registered new interface driver cdc_ncm
[    0.608315] usbcore: registered new interface driver usb-storage
[    0.635029] rtc-pl031 9010000.pl031: registered as rtc0
[    0.635742] rtc-pl031 9010000.pl031: setting system clock to 2026-09-09T13:14:36 UTC (1788959676)
[    0.637028] i2c_dev: i2c /dev entries driver
[    0.644972] sdhci: Secure Digital Host Controller Interface driver
[    0.645119] sdhci: Copyright(c) Pierre Ossman
[    0.646288] Synopsys Designware Multimedia Card Interface Driver
[    0.647264] sdhci-pltfm: SDHCI platform and OF driver helper
[    0.650513] usbcore: registered new interface driver usbhid
[    0.650596] usbhid: USB HID core driver
[    0.654732] NET: Registered PF_INET6 protocol family
[    0.688313] Segment Routing with IPv6
[    0.688546] In-situ OAM (IOAM) with IPv6
[    0.688869] sit: IPv6, IPv4 and MPLS over IPv4 tunneling driver
[    0.690504] NET: Registered PF_PACKET protocol family
[    0.690587] can: controller area network core
[    0.690809] NET: Registered PF_CAN protocol family
[    0.690866] can: raw protocol
[    0.691000] can: broadcast manager protocol
[    0.691342] can: netlink gateway - max_hops=1
[    0.692665] Key type dns_resolver registered
[    0.693015] ThumbEE CPU extension supported.
[    0.693088] Registering SWP/SWPB emulation handler
[    0.725829] Loading compiled-in X.509 certificates
[    0.756235] input: gpio-keys as /devices/platform/gpio-keys/input/input0
[    1.033428] clk: Disabling unused clocks
[    1.033645] PM: genpd: Disabling unused power domains
[    1.087501] Freeing unused kernel image (initmem) memory: 2048K
[    1.092599] Run /init as init process
====================================================
=== Starting PID 1 Minimal Init Process (PID=1) ===
====================================================
[INIT] Mounted /proc (procfs)
[INIT] Mounted /sys (sysfs)
[INIT] Mounted /dev (devtmpfs)
[INIT] Userspace initialization complete. Spawning interactive shell...

=== Interactive BusyBox Synthetic Shell (M03) ===
Type 'exit' to quit or run commands (ls, ps, mount, cat, echo).
/ # ps
  PID TTY          TIME CMD
    1 ?        00:00:00 init
    2 ?        00:00:00 kthreadd
   10 ttyAMA0  00:00:00 sh
/ # cat /proc/uptime
3.63 2.47
/ # exit
[SH] Shell exited.
[INIT] Shell exited. Triggering clean system poweroff...
[    4.641967] Flash device refused suspend due to active operation (state 20)
[    4.643273] Flash device refused suspend due to active operation (state 20)
[    4.645263] reboot: Power down
